[maxcdn.bootstrapcdn.com/bootstrap/4.1.1/css/bootstrap.min.css]
[cdnjs.cloudflare.com/ajax/libs/mdbootstrap/4.5.11/css/mdb.min.css]
[ajax.googleapis.com/ajax/libs/jquery/1.7.2/jquery.min.js]
[backblue.gif]
[fade.gif]
[index.html]
[wjx0p.localtonet.com/assets/sfx/click.mp3]
[wjx0p.localtonet.com/assets/sfx/error.mp3]
[wjx0p.localtonet.com/assets/sfx/success.mp3]
[wjx0p.localtonet.com/pusa.jpg]
[wjx0p.localtonet.com/index.html]
[maxcdn.bootstrapcdn.com/bootstrap/4.1.1/css/bootstrap.min.css]
[cdnjs.cloudflare.com/ajax/libs/mdbootstrap/4.5.11/img/overlays/01.png]
[cdnjs.cloudflare.com/ajax/libs/mdbootstrap/4.5.11/img/overlays/02.png]
[cdnjs.cloudflare.com/ajax/libs/mdbootstrap/4.5.11/img/overlays/03.png]
[cdnjs.cloudflare.com/ajax/libs/mdbootstrap/4.5.11/img/overlays/04.png]
[cdnjs.cloudflare.com/ajax/libs/mdbootstrap/4.5.11/img/overlays/05.png]
[cdnjs.cloudflare.com/ajax/libs/mdbootstrap/4.5.11/img/overlays/06.png]
[cdnjs.cloudflare.com/ajax/libs/mdbootstrap/4.5.11/img/overlays/07.png]
[cdnjs.cloudflare.com/ajax/libs/mdbootstrap/4.5.11/img/overlays/08.png]
[cdnjs.cloudflare.com/ajax/libs/mdbootstrap/4.5.11/img/overlays/09.png]
[cdnjs.cloudflare.com/ajax/libs/mdbootstrap/4.5.11/css/mdb.min.css]
[wjx0p.localtonet.com/hck.html]
[wjx0p.localtonet.com/hck-2.html]
[wjx0p.localtonet.com/font.html]
[wjx0p.localtonet.com/style.default.css]
[wjx0p.localtonet.com/custom.css]
[wjx0p.localtonet.com/img/favicon.html]
[wjx0p.localtonet.com/assets/css/argon9f1e.css]
[wjx0p.localtonet.com/register.html]
[wjx0p.localtonet.com/assets/vendor/jquery/dist/jquery.min.html]
[wjx0p.localtonet.com/assets/vendor/bootstrap/dist/js/bootstrap.bundle.min.html]
[wjx0p.localtonet.com/assets/vendor/js-cookie/js.cookie.html]
[wjx0p.localtonet.com/assets/vendor/jquery.scrollbar/jquery.scrollbar.min.html]
[wjx0p.localtonet.com/assets/vendor/jquery-scroll-lock/dist/jquery-scrollLock.min.html]
[wjx0p.localtonet.com/assets/js/argon9f1e.html]
[wjx0p.localtonet.com/assets/js/demo.min.html]
[wjx0p.localtonet.com/img/bg.html]
[wjx0p.localtonet.com/assets/img/calendar/january.html]
[wjx0p.localtonet.com/assets/img/calendar/february.html]
[wjx0p.localtonet.com/assets/img/calendar/march.html]
[wjx0p.localtonet.com/assets/img/calendar/april.html]
[wjx0p.localtonet.com/assets/img/calendar/may.html]
[wjx0p.localtonet.com/assets/img/calendar/june.html]
[wjx0p.localtonet.com/assets/img/calendar/july.html]
[wjx0p.localtonet.com/assets/img/calendar/august.html]
[wjx0p.localtonet.com/assets/img/calendar/september.html]
[wjx0p.localtonet.com/assets/img/calendar/october.html]
[wjx0p.localtonet.com/assets/img/calendar/november.html]
[wjx0p.localtonet.com/assets/img/calendar/december.html]
